(TranslationUnit (SymbolTable 1 {_lpython_main_program: (Function (SymbolTable 5 {}) _lpython_main_program (FunctionType [] () Source Implementation () .false. .false. .false. .false. .false. [] [] .false.) [main0] [] [(SubroutineCall 1 main0 () [] ())] () Public .false. .false.), main0: (Function (SymbolTable 3 {}) main0 (FunctionType [] () Source Implementation () .false. .false. .false. .false. .false. [] [] .false.) [testEscapeCharacters] [] [(SubroutineCall 1 testEscapeCharacters () [] ())] () Public .false. .false.), main_program: (Program (SymbolTable 4 {}) main_program [] [(SubroutineCall 1 _lpython_main_program () [] ())]), testEscapeCharacters: (Function (SymbolTable 2 {s1: (Variable 2 s1 [] Local () () Default (Character 1 -2 () []) Source Public Required .false.), s2: (Variable 2 s2 [] Local () () Default (Character 1 -2 () []) Source Public Required .false.), s3: (Variable 2 s3 [] Local () () Default (Character 1 -2 () []) Source Public Required .false.)}) testEscapeCharacters (FunctionType [] () Source Implementation () .false. .false. .false. .false. .false. [] [] .false.) [] [] [(= (Var 2 s1) (StringConstant "Hello	World" (Character 1 11 () [])) ()) (= (Var 2 s2) (StringConstant "Hello    World" (Character 1 15 () [])) ()) (= (Var 2 s3) (StringConstant "HelloWorld" (Character 1 11 () [])) ()) (Print () [(Var 2 s1)] () ()) (Print () [(Var 2 s2)] () ()) (Print () [(Var 2 s3)] () ())] () Public .false. .false.)}) [])
