(Module [(FunctionDef testEscapeCharacters ([] [] [] [] [] [] []) [(AnnAssign (Name s1 Store) (Name str Load) (ConstantStr "Hello\tWorld" ()) 1) (AnnAssign (Name s2 Store) (Name str Load) (ConstantStr "Hello    \bWorld" ()) 1) (AnnAssign (Name s3 Store) (Name str Load) (ConstantStr "Hello\vWorld" ()) 1) (Expr (Call (Name print Load) [(Name s1 Load)] [])) (Expr (Call (Name print Load) [(Name s2 Load)] [])) (Expr (Call (Name print Load) [(Name s3 Load)] []))] [] () ()) (FunctionDef main0 ([] [] [] [] [] [] []) [(Expr (Call (Name testEscapeCharacters Load) [] []))] [] () ()) (Expr (Call (Name main0 Load) [] []))] [])
